#
# A fatal error has been detected by the Java Runtime Environment:
#
#  EXCEPTION_ACCESS_VIOLATION (0xc0000005) at pc=0x00007ffd148f2d8e, pid=12688, tid=22028
#
# JRE version: Java(TM) SE Runtime Environment (21.0.2+13) (build 21.0.2+13-LTS-58)
# Java VM: Java HotSpot(TM) 64-Bit Server VM (21.0.2+13-LTS-58, mixed mode, sharing, tiered, compressed oops, compressed class ptrs, g1 gc, windows-amd64)
# Problematic frame:
# V  [jvm.dll+0x5e2d8e]
#
# No core dump will be written. Minidumps are not enabled by default on client versions of Windows
#
# If you would like to submit a bug report, please visit:
#   https://bugreport.java.com/bugreport/crash.jsp
#

---------------  S U M M A R Y ------------

Command Line: -XX:+ShowCodeDetailsInExceptionMessages com.ecommerce.project.SbEcomApplication

Host: 12th Gen Intel(R) Core(TM) i5-12450H, 12 cores, 15G,  Windows 11 , 64 bit Build 26100 (10.0.26100.6725)
Time: Wed Oct 22 00:30:02 2025 India Standard Time elapsed time: 2.850430 seconds (0d 0h 0m 2s)

---------------  T H R E A D  ---------------

Current thread (0x00000274f87c7850):  JavaThread "C2 CompilerThread2" daemon [_thread_in_native, id=22028, stack(0x000000e26ba00000,0x000000e26bb00000) (1024K)]


Current CompileTask:
C2:   2850 3818   !   4       org.springframework.util.ReflectionUtils::doWithMethods (189 bytes)

Stack: [0x000000e26ba00000,0x000000e26bb00000],  sp=0x000000e26bafc0f0,  free space=1008k
Native frames: (J=compiled Java code, j=interpreted, Vv=VM code, C=native code)
V  [jvm.dll+0x5e2d8e]
V  [jvm.dll+0x5f63c7]
V  [jvm.dll+0x5f61ba]
V  [jvm.dll+0x5f5328]
V  [jvm.dll+0x252d7f]
V  [jvm.dll+0x24b589]
V  [jvm.dll+0x2490a3]
V  [jvm.dll+0x1c9634]
V  [jvm.dll+0x258859]
V  [jvm.dll+0x256e3a]
V  [jvm.dll+0x3ef6c6]
V  [jvm.dll+0x7ff568]
V  [jvm.dll+0x6c953d]
C  [ucrtbase.dll+0x37b0]
C  [KERNEL32.DLL+0x2e8d7]
C  [ntdll.dll+0x8c53c]


siginfo: EXCEPTION_ACCESS_VIOLATION (0xc0000005), reading address 0x0000027477c27918


Registers:
RAX=0x00007ffd14ceee00, RBX=0x0000027477c27910, RCX=0x000000e26bafc500, RDX=0x00000274f7e05d10
RSP=0x000000e26bafc0f0, RBP=0x0000000000000001, RSI=0x000000e26bafc500, RDI=0x0000000000000ffb
R8 =0x0000000000004000, R9 =0x00000274b1ac15d0, R10=0x00000274f9586918, R11=0x000000000000005f
R12=0x000000e26bafc220, R13=0x000000e26bafc200, R14=0x0000000000000001, R15=0x00000274f7e05d10
RIP=0x00007ffd148f2d8e, EFLAGS=0x0000000000010202


Register to memory mapping:

RAX=0x00007ffd14ceee00 jvm.dll
RBX=0x0000027477c27910 is an unknown value
RCX=0x000000e26bafc500 is pointing into the stack for thread: 0x00000274f87c7850
RDX=0x00000274f7e05d10 points into unknown readable memory: 0x00007ffd14ceee48 | 48 ee ce 14 fd 7f 00 00
RSP=0x000000e26bafc0f0 is pointing into the stack for thread: 0x00000274f87c7850
RBP=0x0000000000000001 is an unknown value
RSI=0x000000e26bafc500 is pointing into the stack for thread: 0x00000274f87c7850
RDI=0x0000000000000ffb is an unknown value
R8 =0x0000000000004000 is an unknown value
R9 =0x00000274b1ac15d0 points into unknown readable memory: 0x0000000000000000 | 00 00 00 00 00 00 00 00
R10=0x00000274f9586918 points into unknown readable memory: 0x00007ffd14ca2ba0 | a0 2b ca 14 fd 7f 00 00
R11=0x000000000000005f is an unknown value
R12=0x000000e26bafc220 is pointing into the stack for thread: 0x00000274f87c7850
R13=0x000000e26bafc200 is pointing into the stack for thread: 0x00000274f87c7850
R14=0x0000000000000001 is an unknown value
R15=0x00000274f7e05d10 points into unknown readable memory: 0x00007ffd14ceee48 | 48 ee ce 14 fd 7f 00 00

Top of Stack: (sp=0x000000e26bafc0f0)
0x000000e26bafc0f0:   00000274f8d02568 00000274f9586918
0x000000e26bafc100:   0000000000000000 00000274f7e05d58
0x000000e26bafc110:   0000000000000001 00007ffd149063c7
0x000000e26bafc120:   000000e26bafc500 00000274f7e05d10
0x000000e26bafc130:   00000274f7e05d58 00000274f75d8930
0x000000e26bafc140:   00000274f7e05d10 0000000000000001
0x000000e26bafc150:   000000e26bafc240 000000e26bafc500
0x000000e26bafc160:   00000274f7e05dc0 00007ffd149061ba
0x000000e26bafc170:   0000000000000001 0000000000000400
0x000000e26bafc180:   000000e26bafc220 000000e26bafc200
0x000000e26bafc190:   00000274920eaaa0 0000000000000000
0x000000e26bafc1a0:   000000e26bafc2d0 00000274f7f48d00
0x000000e26bafc1b0:   0000000000000000 000000e26bafc500
0x000000e26bafc1c0:   00000274f7c27998 00007ffd14905328
0x000000e26bafc1d0:   000000e26bafc500 0000000000000001
0x000000e26bafc1e0:   000000e200000001 000000e26bafc240
0x000000e26bafc1f0:   0000000000002002 000002748fe10000
0x000000e26bafc200:   00000274f88abbc0 0000000000000800
0x000000e26bafc210:   00000274b18d62a0 000000000000059a
0x000000e26bafc220:   0000000000000200 00000274f8589980
0x000000e26bafc230:   0000027400000200 00000274f88abbc0
0x000000e26bafc240:   00000274f9c92990 00000274f9ca30a0
0x000000e26bafc250:   00000274f9c92980 00000274f88abbc0
0x000000e26bafc260:   00000274f88abbc0 0000000000000004
0x000000e26bafc270:   00000274b1a69660 0000000000000000
0x000000e26bafc280:   0000000000000004 0000000000000000
0x000000e26bafc290:   0000000000000004 000000e26bafc3b0
0x000000e26bafc2a0:   0000000000000000 0000000000000000
0x000000e26bafc2b0:   000000e26bafe7f0 0000000000000000
0x000000e26bafc2c0:   000000e26bafc3c8 000000e26bafc418
0x000000e26bafc2d0:   000000e26bafc400 00000274f7f48da8
0x000000e26bafc2e0:   0000010000000100 0000000200000100 

Instructions: (pc=0x00007ffd148f2d8e)
0x00007ffd148f2c8e:   0a 8b c1 41 0b c0 89 02 41 85 c8 0f 85 83 00 00
0x00007ffd148f2c9e:   00 8b 73 18 8d 46 01 89 43 18 3b 73 08 72 0a 8b
0x00007ffd148f2cae:   d6 48 8b cb e8 49 4d 0c 00 48 8b 43 10 4c 89 3c
0x00007ffd148f2cbe:   f0 eb 61 44 8b 77 28 41 8b ee c1 ed 05 3b 6b 20
0x00007ffd148f2cce:   72 0b 8b d5 48 8d 4b 20 e8 05 c1 25 00 48 8b 43
0x00007ffd148f2cde:   28 41 83 e6 1f 48 8d 14 a8 41 0f b6 ce 41 b8 01
0x00007ffd148f2cee:   00 00 00 41 d3 e0 8b 0a 41 8b c0 0b c1 89 02 44
0x00007ffd148f2cfe:   85 c1 75 20 8b 73 18 8d 46 01 89 43 18 3b 73 08
0x00007ffd148f2d0e:   72 0a 8b d6 48 8b cb e8 e6 4c 0c 00 48 8b 43 10
0x00007ffd148f2d1e:   48 89 3c f0 48 8b 47 08 48 8b 08 48 8b 41 08 48
0x00007ffd148f2d2e:   8b 38 48 85 ff 0f 85 a7 fe ff ff 4c 8b 74 24 60
0x00007ffd148f2d3e:   48 8b 74 24 58 48 8b 6c 24 50 4c 8b 7c 24 20 48
0x00007ffd148f2d4e:   83 c4 28 41 5d 41 5c 5f 5b c3 cc cc cc cc cc cc
0x00007ffd148f2d5e:   cc cc 48 89 5c 24 08 48 89 74 24 10 57 48 83 ec
0x00007ffd148f2d6e:   20 8b 7a 28 48 8b f1 44 8b 41 20 41 3b f8 73 0a
0x00007ffd148f2d7e:   48 8b 59 28 48 8b 1c fb eb 02 33 db 48 83 e3 fe
0x00007ffd148f2d8e:   48 8b 43 08 48 83 38 00 75 36 8b 43 28 41 3b c0
0x00007ffd148f2d9e:   73 0a 48 8b 5e 28 48 8b 1c c3 eb 02 33 db 48 83
0x00007ffd148f2dae:   e3 fe 4c 8b cb 48 8b 43 08 48 8b 08 48 85 c9 74
0x00007ffd148f2dbe:   d9 8b 43 2c 48 8b d9 83 e0 07 3c 05 49 0f 45 d9
0x00007ffd148f2dce:   41 3b f8 72 0b 8b d7 48 8d 4e 18 e8 22 4c 0c 00
0x00007ffd148f2dde:   48 8b 46 28 48 8d 53 01 48 8b 74 24 38 48 89 14
0x00007ffd148f2dee:   f8 48 8b c3 48 8b 5c 24 30 48 83 c4 20 5f c3 cc
0x00007ffd148f2dfe:   cc cc 48 8b 41 08 33 d2 48 8b 00 8b 48 2c 81 e1
0x00007ffd148f2e0e:   ff 01 00 00 81 f9 15 01 00 00 48 0f 45 c2 c3 cc
0x00007ffd148f2e1e:   cc cc 8b 42 28 3b 41 20 73 11 8b d0 48 8b 41 28
0x00007ffd148f2e2e:   48 8b 0c d0 80 e1 01 0f b6 c1 c3 33 c9 80 e1 01
0x00007ffd148f2e3e:   0f b6 c1 c3 cc cc cc cc cc cc cc cc cc cc cc cc
0x00007ffd148f2e4e:   cc cc 8b 52 28 4c 8b c1 48 8b 81 c8 00 00 00 4c
0x00007ffd148f2e5e:   8d 0c d0 48 8b 04 d0 48 8b 50 08 48 83 3a 00 75
0x00007ffd148f2e6e:   24 8b 51 20 8b 48 28 3b ca 73 0a 49 8b 40 28 48
0x00007ffd148f2e7e:   8b 04 c8 eb 02 33 c0 48 83 e0 fe 48 8b 48 08 48 


Stack slot to memory mapping:

stack at sp + 0 slots: 0x00000274f8d02568 points into unknown readable memory: 0x00007ffd14ca26f8 | f8 26 ca 14 fd 7f 00 00
stack at sp + 1 slots: 0x00000274f9586918 points into unknown readable memory: 0x00007ffd14ca2ba0 | a0 2b ca 14 fd 7f 00 00
stack at sp + 2 slots: 0x0 is null
stack at sp + 3 slots: 0x00000274f7e05d58 points into unknown readable memory: 0x00007ffd14cbb188 | 88 b1 cb 14 fd 7f 00 00
stack at sp + 4 slots: 0x0000000000000001 is an unknown value
stack at sp + 5 slots: 0x00007ffd149063c7 jvm.dll
stack at sp + 6 slots: 0x000000e26bafc500 is pointing into the stack for thread: 0x00000274f87c7850
stack at sp + 7 slots: 0x00000274f7e05d10 points into unknown readable memory: 0x00007ffd14ceee48 | 48 ee ce 14 fd 7f 00 00


---------------  P R O C E S S  ---------------

Threads class SMR info:
_java_thread_list=0x00000274f875fde0, length=13, elements={
0x000002748fe4c000, 0x00000274b15af600, 0x00000274b15b5190, 0x00000274b15b5bf0,
0x00000274b15b6650, 0x00000274b15b70b0, 0x00000274b15bd250, 0x00000274b15bdfe0,
0x00000274b15d6aa0, 0x00000274b1853cd0, 0x00000274b1855da0, 0x00000274b19c0ad0,
0x00000274f87c7850
}

Java Threads: ( => current thread )
  0x000002748fe4c000 JavaThread "main"                              [_thread_in_Java, id=8400, stack(0x000000e269e00000,0x000000e269f00000) (1024K)]
  0x00000274b15af600 JavaThread "Reference Handler"          daemon [_thread_blocked, id=16028, stack(0x000000e26a600000,0x000000e26a700000) (1024K)]
  0x00000274b15b5190 JavaThread "Finalizer"                  daemon [_thread_blocked, id=31776, stack(0x000000e26a700000,0x000000e26a800000) (1024K)]
  0x00000274b15b5bf0 JavaThread "Signal Dispatcher"          daemon [_thread_blocked, id=24680, stack(0x000000e26a800000,0x000000e26a900000) (1024K)]
  0x00000274b15b6650 JavaThread "Attach Listener"            daemon [_thread_blocked, id=33676, stack(0x000000e26a900000,0x000000e26aa00000) (1024K)]
  0x00000274b15b70b0 JavaThread "Service Thread"             daemon [_thread_blocked, id=14176, stack(0x000000e26aa00000,0x000000e26ab00000) (1024K)]
  0x00000274b15bd250 JavaThread "Monitor Deflation Thread"   daemon [_thread_blocked, id=19132, stack(0x000000e26ab00000,0x000000e26ac00000) (1024K)]
  0x00000274b15bdfe0 JavaThread "C2 CompilerThread0"         daemon [_thread_blocked, id=3708, stack(0x000000e26ac00000,0x000000e26ad00000) (1024K)]
  0x00000274b15d6aa0 JavaThread "C1 CompilerThread0"         daemon [_thread_in_native, id=34732, stack(0x000000e26ad00000,0x000000e26ae00000) (1024K)]
  0x00000274b1853cd0 JavaThread "Notification Thread"        daemon [_thread_blocked, id=31704, stack(0x000000e26ae00000,0x000000e26af00000) (1024K)]
  0x00000274b1855da0 JavaThread "Common-Cleaner"             daemon [_thread_blocked, id=19964, stack(0x000000e26af00000,0x000000e26b000000) (1024K)]
  0x00000274b19c0ad0 JavaThread "C2 CompilerThread1"         daemon [_thread_blocked, id=30320, stack(0x000000e26b000000,0x000000e26b100000) (1024K)]
=>0x00000274f87c7850 JavaThread "C2 CompilerThread2"         daemon [_thread_in_native, id=22028, stack(0x000000e26ba00000,0x000000e26bb00000) (1024K)]
Total: 13

Other Threads:
  0x00000274b158f9f0 VMThread "VM Thread"                           [id=7464, stack(0x000000e26a500000,0x000000e26a600000) (1024K)]
  0x00000274b1575f00 WatcherThread "VM Periodic Task Thread"        [id=33004, stack(0x000000e26a400000,0x000000e26a500000) (1024K)]
  0x000002749213b3f0 WorkerThread "GC Thread#0"                     [id=16648, stack(0x000000e269f00000,0x000000e26a000000) (1024K)]
  0x00000274f77eb980 WorkerThread "GC Thread#1"                     [id=31048, stack(0x000000e26b100000,0x000000e26b200000) (1024K)]
  0x00000274f74f6b70 WorkerThread "GC Thread#2"                     [id=3880, stack(0x000000e26b200000,0x000000e26b300000) (1024K)]
  0x00000274f74f6f10 WorkerThread "GC Thread#3"                     [id=34720, stack(0x000000e26b300000,0x000000e26b400000) (1024K)]
  0x00000274f74f76c0 WorkerThread "GC Thread#4"                     [id=11232, stack(0x000000e26b400000,0x000000e26b500000) (1024K)]
  0x00000274f74f7a60 WorkerThread "GC Thread#5"                     [id=23328, stack(0x000000e26b500000,0x000000e26b600000) (1024K)]
  0x00000274f79dab60 WorkerThread "GC Thread#6"                     [id=30828, stack(0x000000e26b700000,0x000000e26b800000) (1024K)]
  0x00000274f7be70e0 WorkerThread "GC Thread#7"                     [id=35132, stack(0x000000e26b800000,0x000000e26b900000) (1024K)]
  0x00000274f7be78e0 WorkerThread "GC Thread#8"                     [id=4124, stack(0x000000e26b900000,0x000000e26ba00000) (1024K)]
  0x00000274f7be7c80 WorkerThread "GC Thread#9"                     [id=20860, stack(0x000000e26bb00000,0x000000e26bc00000) (1024K)]
  0x000002749214c670 ConcurrentGCThread "G1 Main Marker"            [id=31088, stack(0x000000e26a000000,0x000000e26a100000) (1024K)]
  0x000002749214d080 WorkerThread "G1 Conc#0"                       [id=8320, stack(0x000000e26a100000,0x000000e26a200000) (1024K)]
  0x00000274f7be8020 WorkerThread "G1 Conc#1"                       [id=28272, stack(0x000000e26bc00000,0x000000e26bd00000) (1024K)]
  0x00000274f7be83c0 WorkerThread "G1 Conc#2"                       [id=24228, stack(0x000000e26bd00000,0x000000e26be00000) (1024K)]
  0x00000274b1449f50 ConcurrentGCThread "G1 Refine#0"               [id=13608, stack(0x000000e26a200000,0x000000e26a300000) (1024K)]
  0x00000274b144a770 ConcurrentGCThread "G1 Service"                [id=20816, stack(0x000000e26a300000,0x000000e26a400000) (1024K)]
Total: 18

Threads with active compile tasks:
C2 CompilerThread0     2889 3913       4       java.util.Properties$LineReader::readLine (584 bytes)
C1 CompilerThread0     2889 3910       3       sun.nio.cs.UTF_8$Decoder::decodeArrayLoop (688 bytes)
C2 CompilerThread2     2889 3818   !   4       org.springframework.util.ReflectionUtils::doWithMethods (189 bytes)
Total: 3

VM state: not at safepoint (normal execution)

VM Mutex/Monitor currently owned by a thread:  ([mutex/lock_event])
[0x00007ffd14f4cc68] CodeCache_lock - owner thread: 0x000002748fe4c000

Heap address: 0x0000000704800000, size: 4024 MB, Compressed Oops mode: Zero based, Oop shift amount: 3

CDS archive(s) mapped at: [0x00000274b2000000-0x00000274b2c90000-0x00000274b2c90000), size 13172736, SharedBaseAddress: 0x00000274b2000000, ArchiveRelocationMode: 1.
Compressed class space mapped at: 0x00000274b3000000-0x00000274f3000000, reserved size: 1073741824
Narrow klass base: 0x00000274b2000000, Narrow klass shift: 0, Narrow klass range: 0x100000000

GC Precious Log:
 CardTable entry size: 512
 Card Set container configuration: InlinePtr #cards 4 size 8 Array Of Cards #cards 16 size 48 Howl #buckets 8 coarsen threshold 3686 Howl Bitmap #cards 512 size 80 coarsen threshold 460 Card regions per heap region 1 cards per card region 4096
 CPUs: 12 total, 12 available
 Memory: 16088M
 Large Page Support: Disabled
 NUMA Support: Disabled
 Compressed Oops: Enabled (Zero based)
 Heap Region Size: 2M
 Heap Min Capacity: 8M
 Heap Initial Capacity: 252M
 Heap Max Capacity: 4024M
 Pre-touch: Disabled
 Parallel Workers: 10
 Concurrent Workers: 3
 Concurrent Refinement Workers: 10
 Periodic GC: Disabled

Heap:
 garbage-first heap   total 69632K, used 61673K [0x0000000704800000, 0x0000000800000000)
  region size 2048K, 28 young (57344K), 4 survivors (8192K)
 Metaspace       used 30046K, committed 30592K, reserved 1114112K
  class space    used 3909K, committed 4160K, reserved 1048576K

Heap Regions: E=young(eden), S=young(survivor), O=old, HS=humongous(starts), HC=humongous(continues), CS=collection set, F=free, TAMS=top-at-mark-start, PB=parsable bottom
|   0|0x0000000704800000, 0x0000000704a00000, 0x0000000704a00000|100%| O|  |TAMS 0x0000000704800000| PB 0x0000000704800000| Untracked 
|   1|0x0000000704a00000, 0x0000000704c00000, 0x0000000704c00000|100%| O|  |TAMS 0x0000000704a00000| PB 0x0000000704a00000| Untracked 
|   2|0x0000000704c00000, 0x0000000704e00000, 0x0000000704e00000|100%| O|  |TAMS 0x0000000704c00000| PB 0x0000000704c00000| Untracked 
|   3|0x0000000704e00000, 0x0000000704f44218, 0x0000000705000000| 63%| O|Cm|TAMS 0x0000000704e00000| PB 0x0000000704e00000| Complete 
|   4|0x0000000705000000, 0x0000000705000000, 0x0000000705200000|  0%| F|  |TAMS 0x0000000705000000| PB 0x0000000705000000| Untracked 
|   5|0x0000000705200000, 0x0000000705200000, 0x0000000705400000|  0%| F|  |TAMS 0x0000000705200000| PB 0x0000000705200000| Untracked 
|   6|0x0000000705400000, 0x0000000705600000, 0x0000000705600000|100%| E|  |TAMS 0x0000000705400000| PB 0x0000000705400000| Complete 
|   7|0x0000000705600000, 0x0000000705800000, 0x0000000705800000|100%| E|CS|TAMS 0x0000000705600000| PB 0x0000000705600000| Complete 
|   8|0x0000000705800000, 0x0000000705a00000, 0x0000000705a00000|100%| E|CS|TAMS 0x0000000705800000| PB 0x0000000705800000| Complete 
|   9|0x0000000705a00000, 0x0000000705c00000, 0x0000000705c00000|100%| E|CS|TAMS 0x0000000705a00000| PB 0x0000000705a00000| Complete 
|  10|0x0000000705c00000, 0x0000000705e00000, 0x0000000705e00000|100%| E|CS|TAMS 0x0000000705c00000| PB 0x0000000705c00000| Complete 
|  11|0x0000000705e00000, 0x0000000706000000, 0x0000000706000000|100%| E|CS|TAMS 0x0000000705e00000| PB 0x0000000705e00000| Complete 
|  12|0x0000000706000000, 0x0000000706200000, 0x0000000706200000|100%| E|CS|TAMS 0x0000000706000000| PB 0x0000000706000000| Complete 
|  13|0x0000000706200000, 0x0000000706400000, 0x0000000706400000|100%| E|CS|TAMS 0x0000000706200000| PB 0x0000000706200000| Complete 
|  14|0x0000000706400000, 0x0000000706600000, 0x0000000706600000|100%| E|CS|TAMS 0x0000000706400000| PB 0x0000000706400000| Complete 
|  15|0x0000000706600000, 0x0000000706800000, 0x0000000706800000|100%| E|CS|TAMS 0x0000000706600000| PB 0x0000000706600000| Complete 
|  16|0x0000000706800000, 0x0000000706a00000, 0x0000000706a00000|100%| E|CS|TAMS 0x0000000706800000| PB 0x0000000706800000| Complete 
|  17|0x0000000706a00000, 0x0000000706c00000, 0x0000000706c00000|100%| E|CS|TAMS 0x0000000706a00000| PB 0x0000000706a00000| Complete 
|  18|0x0000000706c00000, 0x0000000706e00000, 0x0000000706e00000|100%| E|CS|TAMS 0x0000000706c00000| PB 0x0000000706c00000| Complete 
|  19|0x0000000706e00000, 0x0000000707000000, 0x0000000707000000|100%| E|CS|TAMS 0x0000000706e00000| PB 0x0000000706e00000| Complete 
|  20|0x0000000707000000, 0x0000000707200000, 0x0000000707200000|100%| E|CS|TAMS 0x0000000707000000| PB 0x0000000707000000| Complete 
|  21|0x0000000707200000, 0x0000000707400000, 0x0000000707400000|100%| E|CS|TAMS 0x0000000707200000| PB 0x0000000707200000| Complete 
|  22|0x0000000707400000, 0x0000000707600000, 0x0000000707600000|100%| E|CS|TAMS 0x0000000707400000| PB 0x0000000707400000| Complete 
|  23|0x0000000707600000, 0x0000000707800000, 0x0000000707800000|100%| E|CS|TAMS 0x0000000707600000| PB 0x0000000707600000| Complete 
|  24|0x0000000707800000, 0x0000000707a00000, 0x0000000707a00000|100%| E|CS|TAMS 0x0000000707800000| PB 0x0000000707800000| Complete 
|  25|0x0000000707a00000, 0x0000000707c00000, 0x0000000707c00000|100%| E|CS|TAMS 0x0000000707a00000| PB 0x0000000707a00000| Complete 
|  26|0x0000000707c00000, 0x0000000707e00000, 0x0000000707e00000|100%| E|CS|TAMS 0x0000000707c00000| PB 0x0000000707c00000| Complete 
|  27|0x0000000707e00000, 0x0000000708000000, 0x0000000708000000|100%| E|CS|TAMS 0x0000000707e00000| PB 0x0000000707e00000| Complete 
|  98|0x0000000710c00000, 0x0000000710cf6500, 0x0000000710e00000| 48%| S|CS|TAMS 0x0000000710c00000| PB 0x0000000710c00000| Complete 
|  99|0x0000000710e00000, 0x0000000711000000, 0x0000000711000000|100%| S|CS|TAMS 0x0000000710e00000| PB 0x0000000710e00000| Complete 
| 100|0x0000000711000000, 0x0000000711200000, 0x0000000711200000|100%| S|CS|TAMS 0x0000000711000000| PB 0x0000000711000000| Complete 
| 101|0x0000000711200000, 0x0000000711400000, 0x0000000711400000|100%| S|CS|TAMS 0x0000000711200000| PB 0x0000000711200000| Complete 
| 124|0x0000000714000000, 0x0000000714200000, 0x0000000714200000|100%| E|CS|TAMS 0x0000000714000000| PB 0x0000000714000000| Complete 
| 125|0x0000000714200000, 0x0000000714400000, 0x0000000714400000|100%| E|CS|TAMS 0x0000000714200000| PB 0x0000000714200000| Complete 

Card table byte_map: [0x00000274aa260000,0x00000274aaa40000] _byte_map_base: 0x00000274a6a3c000

Marking Bits: (CMBitMap*) 0x000002749213c210
 Bits: [0x00000274aaa40000, 0x00000274ae920000)

Polling page: 0x000002748ffe0000

Metaspace:

Usage:
  Non-class:     25.53 MB used.
      Class:      3.82 MB used.
       Both:     29.35 MB used.

Virtual space:
  Non-class space:       64.00 MB reserved,      25.81 MB ( 40%) committed,  1 nodes.
      Class space:        1.00 GB reserved,       4.06 MB ( <1%) committed,  1 nodes.
             Both:        1.06 GB reserved,      29.88 MB (  3%) committed. 

Chunk freelists:
   Non-Class:  6.03 MB
       Class:  11.78 MB
        Both:  17.81 MB

MaxMetaspaceSize: unlimited
CompressedClassSpaceSize: 1.00 GB
Initial GC threshold: 21.00 MB
Current GC threshold: 35.25 MB
CDS: on
 - commit_granule_bytes: 65536.
 - commit_granule_words: 8192.
 - virtual_space_node_default_size: 8388608.
 - enlarge_chunks_in_place: 1.
 - use_allocation_guard: 0.


Internal statistics:

num_allocs_failed_limit: 3.
num_arena_births: 602.
num_arena_deaths: 0.
num_vsnodes_births: 2.
num_vsnodes_deaths: 0.
num_space_committed: 478.
num_space_uncommitted: 0.
num_chunks_returned_to_freelist: 3.
num_chunks_taken_from_freelist: 1669.
num_chunk_merges: 0.
num_chunk_splits: 1142.
num_chunks_enlarged: 844.
num_inconsistent_stats: 0.

CodeHeap 'non-profiled nmethods': size=120000Kb used=2015Kb max_used=2015Kb free=117984Kb
 bounds [0x00000274a2000000, 0x00000274a2270000, 0x00000274a9530000]
CodeHeap 'profiled nmethods': size=120000Kb used=8161Kb max_used=8161Kb free=111838Kb
 bounds [0x000002749a530000, 0x000002749ad30000, 0x00000274a1a60000]
CodeHeap 'non-nmethods': size=5760Kb used=1463Kb max_used=1515Kb free=4296Kb
 bounds [0x00000274a1a60000, 0x00000274a1cd0000, 0x00000274a2000000]
 total_blobs=4457 nmethods=3911 adapters=450
 compilation: enabled
              stopped_count=0, restarted_count=0
 full_count=0

Compilation events (20 events):
Event: 2.782 Thread 0x00000274b15d6aa0 3878       3       java.util.logging.LogManager::getProperty (9 bytes)
Event: 2.783 Thread 0x00000274b15d6aa0 nmethod 3878 0x000002749ad13c10 code [0x000002749ad13dc0, 0x000002749ad13fa0]
Event: 2.786 Thread 0x00000274b15d6aa0 3879       3       java.nio.charset.CoderResult::isUnderflow (13 bytes)
Event: 2.786 Thread 0x00000274b15d6aa0 nmethod 3879 0x000002749ad14090 code [0x000002749ad14220, 0x000002749ad14388]
Event: 2.786 Thread 0x00000274b15d6aa0 3880       3       java.nio.HeapByteBuffer::ix (7 bytes)
Event: 2.786 Thread 0x00000274b15d6aa0 nmethod 3880 0x000002749ad14410 code [0x000002749ad145a0, 0x000002749ad146b0]
Event: 2.796 Thread 0x00000274b15d6aa0 3881       3       java.nio.ByteBuffer::arrayOffset (35 bytes)
Event: 2.796 Thread 0x00000274b15d6aa0 nmethod 3881 0x000002749ad14710 code [0x000002749ad148e0, 0x000002749ad14bc0]
Event: 2.811 Thread 0x00000274b15bdfe0 nmethod 3775 0x00000274a21dfa10 code [0x00000274a21e0020, 0x00000274a21e3aa0]
Event: 2.814 Thread 0x00000274b15bdfe0 3826       4       java.util.Properties::loadConvert (540 bytes)
Event: 2.827 Thread 0x00000274b15bdfe0 nmethod 3826 0x00000274a21e6610 code [0x00000274a21e6840, 0x00000274a21e7378]
Event: 2.827 Thread 0x00000274b15bdfe0 3825 %     4       java.util.Properties$LineReader::readLine @ 293 (584 bytes)
Event: 2.827 Thread 0x00000274b15d6aa0 3882       3       java.util.ImmutableCollections$AbstractImmutableList::iterator (13 bytes)
Event: 2.828 Thread 0x00000274b15d6aa0 nmethod 3882 0x000002749ad14d10 code [0x000002749ad14ee0, 0x000002749ad15258]
Event: 2.828 Thread 0x00000274b15d6aa0 3883       3       java.util.ImmutableCollections$ListItr::<init> (25 bytes)
Event: 2.828 Thread 0x00000274b15d6aa0 nmethod 3883 0x000002749ad15390 code [0x000002749ad15540, 0x000002749ad15720]
Event: 2.834 Thread 0x00000274b19c0ad0 nmethod 3810 0x00000274a21e7a10 code [0x00000274a21e8020, 0x00000274a21ecd00]
Event: 2.835 Thread 0x00000274b19c0ad0 3821       4       java.util.Properties::load0 (249 bytes)
Event: 2.837 Thread 0x00000274b15d6aa0 3884       3       java.lang.PublicMethods::toArray (76 bytes)
Event: 2.838 Thread 0x00000274b15d6aa0 nmethod 3884 0x000002749ad15810 code [0x000002749ad15a40, 0x000002749ad16328]

GC Heap History (6 events):
Event: 0.559 GC heap before
{Heap before GC invocations=0 (full 0):
 garbage-first heap   total 258048K, used 22528K [0x0000000704800000, 0x0000000800000000)
  region size 2048K, 11 young (22528K), 0 survivors (0K)
 Metaspace       used 5379K, committed 5632K, reserved 1114112K
  class space    used 617K, committed 768K, reserved 1048576K
}
Event: 0.565 GC heap after
{Heap after GC invocations=1 (full 0):
 garbage-first heap   total 258048K, used 7508K [0x0000000704800000, 0x0000000800000000)
  region size 2048K, 2 young (4096K), 2 survivors (4096K)
 Metaspace       used 5379K, committed 5632K, reserved 1114112K
  class space    used 617K, committed 768K, reserved 1048576K
}
Event: 1.092 GC heap before
{Heap before GC invocations=1 (full 0):
 garbage-first heap   total 258048K, used 32084K [0x0000000704800000, 0x0000000800000000)
  region size 2048K, 14 young (28672K), 2 survivors (4096K)
 Metaspace       used 11464K, committed 11840K, reserved 1114112K
  class space    used 1548K, committed 1728K, reserved 1048576K
}
Event: 1.096 GC heap after
{Heap after GC invocations=2 (full 0):
 garbage-first heap   total 258048K, used 9640K [0x0000000704800000, 0x0000000800000000)
  region size 2048K, 2 young (4096K), 2 survivors (4096K)
 Metaspace       used 11464K, committed 11840K, reserved 1114112K
  class space    used 1548K, committed 1728K, reserved 1048576K
}
Event: 1.644 GC heap before
{Heap before GC invocations=2 (full 0):
 garbage-first heap   total 258048K, used 50600K [0x0000000704800000, 0x0000000800000000)
  region size 2048K, 24 young (49152K), 2 survivors (4096K)
 Metaspace       used 21194K, committed 21504K, reserved 1114112K
  class space    used 2722K, committed 2880K, reserved 1048576K
}
Event: 1.650 GC heap after
{Heap after GC invocations=3 (full 0):
 garbage-first heap   total 258048K, used 14569K [0x0000000704800000, 0x0000000800000000)
  region size 2048K, 4 young (8192K), 4 survivors (8192K)
 Metaspace       used 21194K, committed 21504K, reserved 1114112K
  class space    used 2722K, committed 2880K, reserved 1048576K
}

Dll operation events (7 events):
Event: 0.008 Loaded shared library C:\Program Files\Java\jdk-21\bin\java.dll
Event: 0.038 Loaded shared library C:\Program Files\Java\jdk-21\bin\jsvml.dll
Event: 0.079 Loaded shared library C:\Program Files\Java\jdk-21\bin\net.dll
Event: 0.080 Loaded shared library C:\Program Files\Java\jdk-21\bin\nio.dll
Event: 0.083 Loaded shared library C:\Program Files\Java\jdk-21\bin\zip.dll
Event: 0.180 Loaded shared library C:\Program Files\Java\jdk-21\bin\jimage.dll
Event: 1.621 Loaded shared library C:\Program Files\Java\jdk-21\bin\sunmscapi.dll

Deoptimization events (20 events):
Event: 2.796 Thread 0x000002748fe4c000 DEOPT PACKING pc=0x000002749a9de8bd sp=0x000000e269efdb70
Event: 2.796 Thread 0x000002748fe4c000 DEOPT UNPACKING pc=0x00000274a1ab4e42 sp=0x000000e269efd068 mode 0
Event: 2.796 Thread 0x000002748fe4c000 DEOPT PACKING pc=0x000002749a9cbc76 sp=0x000000e269efdba0
Event: 2.796 Thread 0x000002748fe4c000 DEOPT UNPACKING pc=0x00000274a1ab4e42 sp=0x000000e269efd088 mode 0
Event: 2.796 Thread 0x000002748fe4c000 DEOPT PACKING pc=0x000002749a9de8bd sp=0x000000e269efdb90
Event: 2.796 Thread 0x000002748fe4c000 DEOPT UNPACKING pc=0x00000274a1ab4e42 sp=0x000000e269efd080 mode 0
Event: 2.816 Thread 0x000002748fe4c000 DEOPT PACKING pc=0x000002749a9cbc76 sp=0x000000e269efdfb0
Event: 2.816 Thread 0x000002748fe4c000 DEOPT UNPACKING pc=0x00000274a1ab4e42 sp=0x000000e269efd4c0 mode 0
Event: 2.816 Thread 0x000002748fe4c000 DEOPT PACKING pc=0x000002749a9de8bd sp=0x000000e269efdfc0
Event: 2.816 Thread 0x000002748fe4c000 DEOPT UNPACKING pc=0x00000274a1ab4e42 sp=0x000000e269efd4b8 mode 0
Event: 2.816 Thread 0x000002748fe4c000 DEOPT PACKING pc=0x000002749a9cbc76 sp=0x000000e269efdff0
Event: 2.816 Thread 0x000002748fe4c000 DEOPT UNPACKING pc=0x00000274a1ab4e42 sp=0x000000e269efd4d8 mode 0
Event: 2.816 Thread 0x000002748fe4c000 DEOPT PACKING pc=0x000002749a9de8bd sp=0x000000e269efdfe0
Event: 2.816 Thread 0x000002748fe4c000 DEOPT UNPACKING pc=0x00000274a1ab4e42 sp=0x000000e269efd4d0 mode 0
Event: 2.816 Thread 0x000002748fe4c000 DEOPT PACKING pc=0x000002749a9cbc76 sp=0x000000e269efdff0
Event: 2.816 Thread 0x000002748fe4c000 DEOPT UNPACKING pc=0x00000274a1ab4e42 sp=0x000000e269efd4d8 mode 0
Event: 2.816 Thread 0x000002748fe4c000 DEOPT PACKING pc=0x000002749a9de8bd sp=0x000000e269efdfe0
Event: 2.816 Thread 0x000002748fe4c000 DEOPT UNPACKING pc=0x00000274a1ab4e42 sp=0x000000e269efd4d0 mode 0
Event: 2.816 Thread 0x000002748fe4c000 DEOPT PACKING pc=0x000002749a9cbc76 sp=0x000000e269efdff0
Event: 2.816 Thread 0x000002748fe4c000 DEOPT UNPACKING pc=0x00000274a1ab4e42 sp=0x000000e269efd4d8 mode 0

Classes loaded (20 events):
Event: 2.807 Loading class javax/management/AttributeChangeNotification
Event: 2.807 Loading class javax/management/AttributeChangeNotification done
Event: 2.814 Loading class java/net/SocketTimeoutException
Event: 2.814 Loading class java/io/InterruptedIOException
Event: 2.814 Loading class java/io/InterruptedIOException done
Event: 2.815 Loading class java/net/SocketTimeoutException done
Event: 2.816 Loading class java/beans/PropertyChangeSupport
Event: 2.816 Loading class java/beans/PropertyChangeSupport done
Event: 2.817 Loading class java/beans/PropertyChangeSupport$PropertyChangeListenerMap
Event: 2.817 Loading class java/beans/ChangeListenerMap
Event: 2.817 Loading class java/beans/ChangeListenerMap done
Event: 2.817 Loading class java/beans/PropertyChangeSupport$PropertyChangeListenerMap done
Event: 2.817 Loading class java/beans/PropertyChangeListener
Event: 2.817 Loading class java/beans/PropertyChangeListener done
Event: 2.829 Loading class java/beans/PropertyChangeEvent
Event: 2.829 Loading class java/beans/PropertyChangeEvent done
Event: 2.837 Loading class javax/management/ObjectName
Event: 2.837 Loading class javax/management/QueryExp
Event: 2.837 Loading class javax/management/QueryExp done
Event: 2.837 Loading class javax/management/ObjectName done

Classes unloaded (0 events):
No events

Classes redefined (0 events):
No events

Internal exceptions (20 events):
Event: 2.421 Thread 0x000002748fe4c000 Exception <a 'java/lang/NoClassDefFoundError'{0x00000007067c8b48}: org/springframework/session/jdbc/JdbcIndexedSessionRepository> (0x00000007067c8b48) 
thrown [s\open\src\hotspot\share\classfile\systemDictionary.cpp, line 301]
Event: 2.437 Thread 0x000002748fe4c000 Exception <a 'java/lang/NoSuchMethodError'{0x000000070647b6b0}: 'void java.lang.invoke.DirectMethodHandle$Holder.invokeSpecial(java.lang.Object, java.lang.Object, java.lang.Object, java.lang.Object, java.lang.Object, java.lang.Object)'> (0x000000070647b6b0) 
thrown [s\open\src\hotspot\share\interpreter\linkResolver.cpp, line 773]
Event: 2.457 Thread 0x000002748fe4c000 Exception <a 'java/lang/IncompatibleClassChangeError'{0x0000000706598a00}: Found class java.lang.Object, but interface was expected> (0x0000000706598a00) 
thrown [s\open\src\hotspot\share\interpreter\linkResolver.cpp, line 840]
Event: 2.471 Thread 0x000002748fe4c000 Exception <a 'java/lang/NoSuchMethodError'{0x00000007062849e8}: 'void java.lang.invoke.DirectMethodHandle$Holder.invokeVirtual(java.lang.Object, java.lang.Object, int)'> (0x00000007062849e8) 
thrown [s\open\src\hotspot\share\interpreter\linkResolver.cpp, line 773]
Event: 2.471 Thread 0x000002748fe4c000 Exception <a 'java/lang/NoSuchMethodError'{0x0000000706288898}: 'int java.lang.invoke.DirectMethodHandle$Holder.invokeSpecial(java.lang.Object, java.lang.Object, java.lang.Object, int)'> (0x0000000706288898) 
thrown [s\open\src\hotspot\share\interpreter\linkResolver.cpp, line 773]
Event: 2.472 Thread 0x000002748fe4c000 Exception <a 'java/lang/NoSuchMethodError'{0x000000070629a5d0}: 'java.lang.Object java.lang.invoke.DirectMethodHandle$Holder.invokeStatic(java.lang.Object, java.lang.Object, java.lang.Object, java.lang.Object, int)'> (0x000000070629a5d0) 
thrown [s\open\src\hotspot\share\interpreter\linkResolver.cpp, line 773]
Event: 2.473 Thread 0x000002748fe4c000 Exception <a 'java/lang/NoSuchMethodError'{0x00000007062a4c88}: 'void java.lang.invoke.DelegatingMethodHandle$Holder.reinvoke_L(java.lang.Object, java.lang.Object, int)'> (0x00000007062a4c88) 
thrown [s\open\src\hotspot\share\interpreter\linkResolver.cpp, line 773]
Event: 2.492 Thread 0x000002748fe4c000 Implicit null exception at 0x00000274a21a3efa to 0x00000274a21a3fc5
Event: 2.544 Thread 0x000002748fe4c000 Exception <a 'java/lang/NoSuchMethodError'{0x00000007061260f8}: 'java.lang.Object java.lang.invoke.DirectMethodHandle$Holder.invokeVirtual(java.lang.Object, java.lang.Object, java.lang.Object, java.lang.Object, java.lang.Object)'> (0x00000007061260f8) 
thrown [s\open\src\hotspot\share\interpreter\linkResolver.cpp, line 773]
Event: 2.600 Thread 0x000002748fe4c000 Exception <a 'java/lang/NoSuchMethodError'{0x0000000705f63140}: 'java.lang.Object java.lang.invoke.DirectMethodHandle$Holder.invokeVirtual(java.lang.Object, java.lang.Object, java.lang.Object, java.lang.Object, java.lang.Object, java.lang.Object)'> (0x0000000705f63140) 
thrown [s\open\src\hotspot\share\interpreter\linkResolver.cpp, line 773]
Event: 2.635 Thread 0x000002748fe4c000 Exception <a 'java/lang/NoSuchMethodError'{0x0000000705c78970}: 'void java.lang.invoke.DirectMethodHandle$Holder.invokeInterface(java.lang.Object, java.lang.Object, int)'> (0x0000000705c78970) 
thrown [s\open\src\hotspot\share\interpreter\linkResolver.cpp, line 773]
Event: 2.641 Thread 0x000002748fe4c000 Exception <a 'java/lang/IncompatibleClassChangeError'{0x0000000705cbb9e8}: Found class java.lang.Object, but interface was expected> (0x0000000705cbb9e8) 
thrown [s\open\src\hotspot\share\interpreter\linkResolver.cpp, line 840]
Event: 2.641 Thread 0x000002748fe4c000 Exception <a 'java/lang/NoSuchMethodError'{0x0000000705cc9ab8}: 'int java.lang.invoke.DirectMethodHandle$Holder.invokeSpecialIFC(java.lang.Object, java.lang.Object, java.lang.Object)'> (0x0000000705cc9ab8) 
thrown [s\open\src\hotspot\share\interpreter\linkResolver.cpp, line 773]
Event: 2.642 Thread 0x000002748fe4c000 Exception <a 'java/lang/NoSuchMethodError'{0x0000000705cde898}: 'void java.lang.invoke.DirectMethodHandle$Holder.invokeStatic(java.lang.Object, int, java.lang.Object)'> (0x0000000705cde898) 
thrown [s\open\src\hotspot\share\interpreter\linkResolver.cpp, line 773]
Event: 2.652 Thread 0x000002748fe4c000 Exception <a 'java/lang/NoSuchMethodError'{0x0000000705d14ca8}: 'void java.lang.invoke.DirectMethodHandle$Holder.invokeStatic(java.lang.Object, java.lang.Object, java.lang.Object, int, java.lang.Object)'> (0x0000000705d14ca8) 
thrown [s\open\src\hotspot\share\interpreter\linkResolver.cpp, line 773]
Event: 2.652 Thread 0x000002748fe4c000 Exception <a 'java/lang/NoSuchMethodError'{0x0000000705d1b4e8}: 'java.lang.Object java.lang.invoke.DirectMethodHandle$Holder.newInvokeSpecial(java.lang.Object, java.lang.Object, java.lang.Object, int)'> (0x0000000705d1b4e8) 
thrown [s\open\src\hotspot\share\interpreter\linkResolver.cpp, line 773]
Event: 2.653 Thread 0x000002748fe4c000 Exception <a 'java/lang/NoSuchMethodError'{0x0000000705d1f2d8}: 'java.lang.Object java.lang.invoke.DirectMethodHandle$Holder.invokeSpecial(java.lang.Object, java.lang.Object, java.lang.Object, java.lang.Object, int)'> (0x0000000705d1f2d8) 
thrown [s\open\src\hotspot\share\interpreter\linkResolver.cpp, line 773]
Event: 2.653 Thread 0x000002748fe4c000 Exception <a 'java/lang/NoSuchMethodError'{0x0000000705d22760}: 'java.lang.Object java.lang.invoke.Invokers$Holder.linkToTargetMethod(java.lang.Object, java.lang.Object, int, java.lang.Object)'> (0x0000000705d22760) 
thrown [s\open\src\hotspot\share\interpreter\linkResolver.cpp, line 773]
Event: 2.739 Thread 0x000002748fe4c000 Exception <a 'java/lang/NoSuchMethodError'{0x0000000705939bb0}: 'java.lang.Object java.lang.invoke.DirectMethodHandle$Holder.invokeStaticInit(java.lang.Object, int, int, int, int)'> (0x0000000705939bb0) 
thrown [s\open\src\hotspot\share\interpreter\linkResolver.cpp, line 773]
Event: 2.775 Thread 0x000002748fe4c000 Exception <a 'java/lang/NoSuchMethodError'{0x00000007059dbcb0}: 'java.lang.Object java.lang.invoke.DirectMethodHandle$Holder.invokeStaticInit(java.lang.Object, java.lang.Object, int, int, int, int)'> (0x00000007059dbcb0) 
thrown [s\open\src\hotspot\share\interpreter\linkResolver.cpp, line 773]

ZGC Phase Switch (0 events):
No events

VM Operations (20 events):
Event: 2.116 Executing VM operation: HandshakeAllThreads (Deoptimize)
Event: 2.116 Executing VM operation: HandshakeAllThreads (Deoptimize) done
Event: 2.117 Executing VM operation: HandshakeAllThreads (Deoptimize)
Event: 2.117 Executing VM operation: HandshakeAllThreads (Deoptimize) done
Event: 2.173 Executing VM operation: HandshakeAllThreads (Deoptimize)
Event: 2.173 Executing VM operation: HandshakeAllThreads (Deoptimize) done
Event: 2.175 Executing VM operation: ICBufferFull
Event: 2.175 Executing VM operation: ICBufferFull done
Event: 2.209 Executing VM operation: HandshakeAllThreads (Deoptimize)
Event: 2.209 Executing VM operation: HandshakeAllThreads (Deoptimize) done
Event: 2.323 Executing VM operation: HandshakeAllThreads (Deoptimize)
Event: 2.323 Executing VM operation: HandshakeAllThreads (Deoptimize) done
Event: 2.443 Executing VM operation: ICBufferFull
Event: 2.443 Executing VM operation: ICBufferFull done
Event: 2.480 Executing VM operation: HandshakeAllThreads (Deoptimize)
Event: 2.480 Executing VM operation: HandshakeAllThreads (Deoptimize) done
Event: 2.707 Executing VM operation: ICBufferFull
Event: 2.707 Executing VM operation: ICBufferFull done
Event: 2.753 Executing VM operation: HandshakeAllThreads (Deoptimize)
Event: 2.753 Executing VM operation: HandshakeAllThreads (Deoptimize) done

Events (17 events):
Event: 0.023 Thread 0x000002748fe4c000 Thread added: 0x000002748fe4c000
Event: 0.036 Thread 0x00000274b15af600 Thread added: 0x00000274b15af600
Event: 0.036 Thread 0x00000274b15b5190 Thread added: 0x00000274b15b5190
Event: 0.037 Thread 0x00000274b15b5bf0 Thread added: 0x00000274b15b5bf0
Event: 0.037 Thread 0x00000274b15b6650 Thread added: 0x00000274b15b6650
Event: 0.037 Thread 0x00000274b15b70b0 Thread added: 0x00000274b15b70b0
Event: 0.037 Thread 0x00000274b15bd250 Thread added: 0x00000274b15bd250
Event: 0.037 Thread 0x00000274b15bdfe0 Thread added: 0x00000274b15bdfe0
Event: 0.037 Thread 0x00000274b15d6aa0 Thread added: 0x00000274b15d6aa0
Event: 0.070 Thread 0x00000274b1853cd0 Thread added: 0x00000274b1853cd0
Event: 0.074 Thread 0x00000274b1855da0 Thread added: 0x00000274b1855da0
Event: 0.112 Thread 0x00000274b19c0ad0 Thread added: 0x00000274b19c0ad0
Event: 0.916 Thread 0x00000274b1856ac0 Thread added: 0x00000274b1856ac0
Event: 1.255 Thread 0x00000274f87c7850 Thread added: 0x00000274f87c7850
Event: 1.312 Thread 0x00000274b1857150 Thread added: 0x00000274b1857150
Event: 1.357 Thread 0x00000274b1857150 Thread exited: 0x00000274b1857150
Event: 1.658 Thread 0x00000274b1856ac0 Thread exited: 0x00000274b1856ac0


Dynamic libraries:
0x00007ff769220000 - 0x00007ff769230000 	C:\Program Files\Java\jdk-21\bin\java.exe
0x00007ffde5d80000 - 0x00007ffde5fe8000 	C:\WINDOWS\SYSTEM32\ntdll.dll
0x00007ffde4770000 - 0x00007ffde4839000 	C:\WINDOWS\System32\KERNEL32.DLL
0x00007ffde3690000 - 0x00007ffde3a82000 	C:\WINDOWS\System32\KERNELBASE.dll
0x00007ffde2ff0000 - 0x00007ffde313b000 	C:\WINDOWS\System32\ucrtbase.dll
0x00007ffdcca30000 - 0x00007ffdcca4b000 	C:\Program Files\Java\jdk-21\bin\VCRUNTIME140.dll
0x00007ffdc5950000 - 0x00007ffdc5969000 	C:\Program Files\Java\jdk-21\bin\jli.dll
0x00007ffde4220000 - 0x00007ffde42d4000 	C:\WINDOWS\System32\ADVAPI32.dll
0x00007ffde4170000 - 0x00007ffde4219000 	C:\WINDOWS\System32\msvcrt.dll
0x00007ffde4e20000 - 0x00007ffde4ec6000 	C:\WINDOWS\System32\sechost.dll
0x00007ffde4010000 - 0x00007ffde4128000 	C:\WINDOWS\System32\RPCRT4.dll
0x00007ffde4840000 - 0x00007ffde4a05000 	C:\WINDOWS\System32\USER32.dll
0x00007ffde2f10000 - 0x00007ffde2f37000 	C:\WINDOWS\System32\win32u.dll
0x00007ffdc7670000 - 0x00007ffdc7903000 	C:\WINDOWS\WinSxS\amd64_microsoft.windows.common-controls_6595b64144ccf1df_6.0.26100.6725_none_3e085828e334708b\COMCTL32.dll
0x00007ffde5b10000 - 0x00007ffde5b3b000 	C:\WINDOWS\System32\GDI32.dll
0x00007ffde33e0000 - 0x00007ffde350d000 	C:\WINDOWS\System32\gdi32full.dll
0x00007ffde2f40000 - 0x00007ffde2fe3000 	C:\WINDOWS\System32\msvcp_win.dll
0x00007ffdd37d0000 - 0x00007ffdd37db000 	C:\WINDOWS\SYSTEM32\VERSION.dll
0x00007ffde4130000 - 0x00007ffde415f000 	C:\WINDOWS\System32\IMM32.DLL
0x00007ffdcf750000 - 0x00007ffdcf75c000 	C:\Program Files\Java\jdk-21\bin\vcruntime140_1.dll
0x00007ffda0340000 - 0x00007ffda03ce000 	C:\Program Files\Java\jdk-21\bin\msvcp140.dll
0x00007ffd14310000 - 0x00007ffd15027000 	C:\Program Files\Java\jdk-21\bin\server\jvm.dll
0x00007ffde5cc0000 - 0x00007ffde5d34000 	C:\WINDOWS\System32\WS2_32.dll
0x00007ffde2d70000 - 0x00007ffde2dce000 	C:\WINDOWS\SYSTEM32\POWRPROF.dll
0x00007ffdc9af0000 - 0x00007ffdc9b25000 	C:\WINDOWS\SYSTEM32\WINMM.dll
0x00007ffde2d50000 - 0x00007ffde2d64000 	C:\WINDOWS\SYSTEM32\UMPDC.dll
0x00007ffde1ce0000 - 0x00007ffde1cfb000 	C:\WINDOWS\SYSTEM32\kernel.appcore.dll
0x00007ffdcf300000 - 0x00007ffdcf30a000 	C:\Program Files\Java\jdk-21\bin\jimage.dll
0x00007ffde0550000 - 0x00007ffde0792000 	C:\WINDOWS\SYSTEM32\DBGHELP.DLL
0x00007ffde4aa0000 - 0x00007ffde4e1b000 	C:\WINDOWS\System32\combase.dll
0x00007ffde4680000 - 0x00007ffde4757000 	C:\WINDOWS\System32\OLEAUT32.dll
0x00007ffdbd660000 - 0x00007ffdbd69c000 	C:\WINDOWS\SYSTEM32\dbgcore.DLL
0x00007ffde31d0000 - 0x00007ffde3268000 	C:\WINDOWS\System32\bcryptPrimitives.dll
0x00007ffdc5930000 - 0x00007ffdc594f000 	C:\Program Files\Java\jdk-21\bin\java.dll
0x00007ffde5160000 - 0x00007ffde58ac000 	C:\WINDOWS\System32\SHELL32.dll
0x00007ffde3270000 - 0x00007ffde33db000 	C:\WINDOWS\System32\wintypes.dll
0x00007ffde0b60000 - 0x00007ffde13bd000 	C:\WINDOWS\SYSTEM32\windows.storage.dll
0x00007ffde42e0000 - 0x00007ffde43d2000 	C:\WINDOWS\System32\SHCORE.dll
0x00007ffde4440000 - 0x00007ffde44a2000 	C:\WINDOWS\System32\shlwapi.dll
0x00007ffde2e30000 - 0x00007ffde2e59000 	C:\WINDOWS\SYSTEM32\profapi.dll
0x00007ffd35100000 - 0x00007ffd351d7000 	C:\Program Files\Java\jdk-21\bin\jsvml.dll
0x00007ffdce4f0000 - 0x00007ffdce500000 	C:\Program Files\Java\jdk-21\bin\net.dll
0x00007ffdd9890000 - 0x00007ffdd99af000 	C:\WINDOWS\SYSTEM32\WINHTTP.dll
0x00007ffde2250000 - 0x00007ffde22bb000 	C:\WINDOWS\system32\mswsock.dll
0x00007ffdc5870000 - 0x00007ffdc5886000 	C:\Program Files\Java\jdk-21\bin\nio.dll
0x00007ffdc3180000 - 0x00007ffdc3198000 	C:\Program Files\Java\jdk-21\bin\zip.dll
0x00007ffdc5860000 - 0x00007ffdc586e000 	C:\Program Files\Java\jdk-21\bin\sunmscapi.dll
0x00007ffde3510000 - 0x00007ffde3687000 	C:\WINDOWS\System32\CRYPT32.dll
0x00007ffde2720000 - 0x00007ffde2750000 	C:\WINDOWS\SYSTEM32\ncrypt.dll
0x00007ffde26d0000 - 0x00007ffde270f000 	C:\WINDOWS\SYSTEM32\NTASN1.dll
0x00007ffde2510000 - 0x00007ffde252b000 	C:\WINDOWS\SYSTEM32\CRYPTSP.dll
0x00007ffde1c40000 - 0x00007ffde1c7b000 	C:\WINDOWS\system32\rsaenh.dll
0x00007ffde22f0000 - 0x00007ffde231b000 	C:\WINDOWS\SYSTEM32\USERENV.dll
0x00007ffde2e00000 - 0x00007ffde2e26000 	C:\WINDOWS\SYSTEM32\bcrypt.dll
0x00007ffde2500000 - 0x00007ffde250c000 	C:\WINDOWS\SYSTEM32\CRYPTBASE.dll
0x00007ffde1830000 - 0x00007ffde1864000 	C:\WINDOWS\SYSTEM32\IPHLPAPI.DLL
0x00007ffde4760000 - 0x00007ffde476a000 	C:\WINDOWS\System32\NSI.dll

dbghelp: loaded successfully - version: 4.0.5 - missing functions: none
symbol engine: initialized successfully - sym options: 0x614 - pdb path: .;C:\Program Files\Java\jdk-21\bin;C:\WINDOWS\SYSTEM32;C:\WINDOWS\WinSxS\amd64_microsoft.windows.common-controls_6595b64144ccf1df_6.0.26100.6725_none_3e085828e334708b;C:\Program Files\Java\jdk-21\bin\server

VM Arguments:
jvm_args: -XX:+ShowCodeDetailsInExceptionMessages 
java_command: com.ecommerce.project.SbEcomApplication
java_class_path (initial): C:\pwskill.java\springBoot\Springframework\sb-ecom\sb-ecom\target\classes;C:\Users\acer\.m2\repository\org\springframework\boot\spring-boot-starter-web\3.5.3\spring-boot-starter-web-3.5.3.jar;C:\Users\acer\.m2\repository\org\springframework\boot\spring-boot-starter\3.5.3\spring-boot-starter-3.5.3.jar;C:\Users\acer\.m2\repository\org\springframework\boot\spring-boot\3.5.3\spring-boot-3.5.3.jar;C:\Users\acer\.m2\repository\org\springframework\boot\spring-boot-autoconfigure\3.5.3\spring-boot-autoconfigure-3.5.3.jar;C:\Users\acer\.m2\repository\org\springframework\boot\spring-boot-starter-logging\3.5.3\spring-boot-starter-logging-3.5.3.jar;C:\Users\acer\.m2\repository\ch\qos\logback\logback-classic\1.5.18\logback-classic-1.5.18.jar;C:\Users\acer\.m2\repository\ch\qos\logback\logback-core\1.5.18\logback-core-1.5.18.jar;C:\Users\acer\.m2\repository\org\apache\logging\log4j\log4j-to-slf4j\2.24.3\log4j-to-slf4j-2.24.3.jar;C:\Users\acer\.m2\repository\org\apache\logging\log4j\log4j-api\2.24.3\log4j-api-2.24.3.jar;C:\Users\acer\.m2\repository\org\slf4j\jul-to-slf4j\2.0.17\jul-to-slf4j-2.0.17.jar;C:\Users\acer\.m2\repository\jakarta\annotation\jakarta.annotation-api\2.1.1\jakarta.annotation-api-2.1.1.jar;C:\Users\acer\.m2\repository\org\yaml\snakeyaml\2.4\snakeyaml-2.4.jar;C:\Users\acer\.m2\repository\org\springframework\boot\spring-boot-starter-json\3.5.3\spring-boot-starter-json-3.5.3.jar;C:\Users\acer\.m2\repository\com\fasterxml\jackson\core\jackson-databind\2.19.1\jackson-databind-2.19.1.jar;C:\Users\acer\.m2\repository\com\fasterxml\jackson\core\jackson-annotations\2.19.1\jackson-annotations-2.19.1.jar;C:\Users\acer\.m2\repository\com\fasterxml\jackson\core\jackson-core\2.19.1\jackson-core-2.19.1.jar;C:\Users\acer\.m2\repository\com\fasterxml\jackson\datatype\jackson-datatype-jdk8\2.19.1\jackson-datatype-jdk8-2.19.1.jar;C:\Users\acer\.m2\repository\com\fasterxml\jackson\datatype\jackson-datatype-jsr310\2.19.1\jackson-datatype-jsr310-2.19.1.jar;C:\Users\acer\.m2\repository\com\fasterxml\jackson\module\jackson-module-parameter-names\2.19.1\jackson-module-parameter-names-2.19.1.jar;C:\Users\acer\.m2\repository\org\springframework\boot\spring-boot-starter-tomcat\3.5.3\spring-boot-starter-tomcat-3.5.3.jar;C:\Users\acer\.m2\repository\org\apache\tomcat\embed\tomcat-embed-core\10.1.42\tomcat-embed-core-10.1.42.jar;C:\Users\acer\.m2\repository\org\apache\tomcat\embed\tomcat-embed-websocket\10.1.42\tomcat-embed-websocket-10.1.42.jar;C:\Users\acer\.m2\repository\org\springframework\spring-web\6.2.8\spring-web-6.2.8.jar;C:\Users\acer\.m2\repository\org\springframework\spring-beans\6.2.8\spring-beans-6.2.8.jar;C:\Users\acer\.m2\repository\io\micrometer\micrometer-observation\1.15.1\micrometer-observation-1.15.1.jar;C:\Users\acer\.m2\repository\io\micrometer\micrometer-commons\1.15.1\micrometer-commons-1.15.1.jar;C:\Users\acer\.m2\repository\org\springframework\spring-webmvc\6.2.8\spring-webmvc-6.2.8.jar;C:\Users\acer\.m2\repository\org\springframework\spring-aop\6.2.8\spring-aop-6.2.8.jar;C:\Users\acer\.m2\repository\org\springframework\spring-context\6.2.8\spring-context-6.2.8.jar;C:\Users\acer\.m2\repository\org\springframework\spring-expression\6.2.8\spring-expression-6.2.8.jar;C:\Users\acer\.m2\repository\org\springframework\boot\spring-boot-starter-data-jpa\3.5.3\spring-boot-starter-data-jpa-3.5.3.jar;C:\Users\acer\.m2\repository\org\springframework\boot\spring-boot-starter-jdbc\3.5.3\spring-boot-starter-jdbc-3.5.3.jar;C:\Users\acer\.m2\repository\com\zaxxer\HikariCP\6.3.0\HikariCP-6.3.0.jar;C:\Users\acer\.m2\repository\org\springframework\spring-jdbc\6.2.8\spring-jdbc-6.2.8.jar;C:\Users\acer\.m2\repository\org\hibernate\orm\hibernate-core\6.6.18.Final\hibernate-core-6.6.18.Final.jar;C:\Users\acer\.m2\repository\jakarta\persistence\jakarta.persistence-api\3.1.0\jakarta.persistence-api-3.1.0.jar;C:\Users\acer\.m2\repository\jakarta\transaction\jakarta.transaction-api\2.0.1\jakarta.transaction-api-2.0.1.jar;C:\Users\acer\.m2\repository\org\jboss\logging\jboss-logging\3.6.1.Final\jboss-logging-3.6.1.Final.jar;C:\Users\acer\.m2\repository\org\hibernate\common\hibernate-commons-annotations\7.0.3.Final\hibernate-commons-annotations-7.0.3.Final.jar;C:\Users\acer\.m2\repository\io\smallrye\jandex\3.2.0\jandex-3.2.0.jar;C:\Users\acer\.m2\repository\com\fasterxml\classmate\1.7.0\classmate-1.7.0.jar;C:\Users\acer\.m2\repository\net\bytebuddy\byte-buddy\1.17.6\byte-buddy-1.17.6.jar;C:\Users\acer\.m2\repository\org\glassfish\jaxb\jaxb-runtime\4.0.5\jaxb-runtime-4.0.5.jar;C:\Users\acer\.m2\repository\org\glassfish\jaxb\jaxb-core\4.0.5\jaxb-core-4.0.5.jar;C:\Users\acer\.m2\repository\org\eclipse\angus\angus-activation\2.0.2\angus-activation-2.0.2.jar;C:\Users\acer\.m2\repository\org\glassfish\jaxb\txw2\4.0.5\txw2-4.0.5.jar;C:\Users\acer\.m2\repository\com\sun\istack\istack-commons-runtime\4.1.2\istack-commons-runtime-4.1.2.jar;C:\Users\acer\.m2\repository\jakarta\inject\jakarta.inject-api\2.0.1\jakarta.inject-api-2.0.1.jar;C:\Users\acer\.m2\repository\org\antlr\antlr4-runtime\4.13.0\antlr4-runtime-4.13.0.jar;C:\Users\acer\.m2\repository\org\springframework\data\spring-data-jpa\3.5.1\spring-data-jpa-3.5.1.jar;C:\Users\acer\.m2\repository\org\springframework\data\spring-data-commons\3.5.1\spring-data-commons-3.5.1.jar;C:\Users\acer\.m2\repository\org\springframework\spring-orm\6.2.8\spring-orm-6.2.8.jar;C:\Users\acer\.m2\repository\org\springframework\spring-tx\6.2.8\spring-tx-6.2.8.jar;C:\Users\acer\.m2\repository\org\slf4j\slf4j-api\2.0.17\slf4j-api-2.0.17.jar;C:\Users\acer\.m2\repository\org\springframework\spring-aspects\6.2.8\spring-aspects-6.2.8.jar;C:\Users\acer\.m2\repository\org\aspectj\aspectjweaver\1.9.24\aspectjweaver-1.9.24.jar;C:\Users\acer\.m2\repository\org\projectlombok\lombok\1.18.38\lombok-1.18.38.jar;C:\Users\acer\.m2\repository\com\h2database\h2\2.3.232\h2-2.3.232.jar;C:\Users\acer\.m2\repository\jakarta\xml\bind\jakarta.xml.bind-api\4.0.2\jakarta.xml.bind-api-4.0.2.jar;C:\Users\acer\.m2\repository\jakarta\activation\jakarta.activation-api\2.1.3\jakarta.activation-api-2.1.3.jar;C:\Users\acer\.m2\repository\org\springframework\spring-core\6.2.8\spring-core-6.2.8.jar;C:\Users\acer\.m2\repository\org\springframework\spring-jcl\6.2.8\spring-jcl-6.2.8.jar;C:\Users\acer\.m2\repository\org\springframework\boot\spring-boot-starter-validation\3.5.3\spring-boot-starter-validation-3.5.3.jar;C:\Users\acer\.m2\repository\org\apache\tomcat\embed\tomcat-embed-el\10.1.42\tomcat-embed-el-10.1.42.jar;C:\Users\acer\.m2\repository\org\hibernate\validator\hibernate-validator\8.0.2.Final\hibernate-validator-8.0.2.Final.jar;C:\Users\acer\.m2\repository\jakarta\validation\jakarta.validation-api\3.0.2\jakarta.validation-api-3.0.2.jar;C:\Users\acer\.m2\repository\org\modelmapper\modelmapper\3.0.0\modelmapper-3.0.0.jar
Launcher Type: SUN_STANDARD

[Global flags]
     intx CICompilerCount                          = 4                                         {product} {ergonomic}
     uint ConcGCThreads                            = 3                                         {product} {ergonomic}
     uint G1ConcRefinementThreads                  = 10                                        {product} {ergonomic}
   size_t G1HeapRegionSize                         = 2097152                                   {product} {ergonomic}
    uintx GCDrainStackTargetSize                   = 64                                        {product} {ergonomic}
   size_t InitialHeapSize                          = 264241152                                 {product} {ergonomic}
   size_t MarkStackSize                            = 4194304                                   {product} {ergonomic}
   size_t MaxHeapSize                              = 4219469824                                {product} {ergonomic}
   size_t MaxNewSize                               = 2531262464                                {product} {ergonomic}
   size_t MinHeapDeltaBytes                        = 2097152                                   {product} {ergonomic}
   size_t MinHeapSize                              = 8388608                                   {product} {ergonomic}
    uintx NonNMethodCodeHeapSize                   = 5839372                                {pd product} {ergonomic}
    uintx NonProfiledCodeHeapSize                  = 122909434                              {pd product} {ergonomic}
    uintx ProfiledCodeHeapSize                     = 122909434                              {pd product} {ergonomic}
    uintx ReservedCodeCacheSize                    = 251658240                              {pd product} {ergonomic}
     bool SegmentedCodeCache                       = true                                      {product} {ergonomic}
     bool ShowCodeDetailsInExceptionMessages       = true                                   {manageable} {command line}
   size_t SoftMaxHeapSize                          = 4219469824                             {manageable} {ergonomic}
     bool UseCompressedOops                        = true                           {product lp64_product} {ergonomic}
     bool UseG1GC                                  = true                                      {product} {ergonomic}
     bool UseLargePagesIndividualAllocation        = false                                  {pd product} {ergonomic}

Logging:
Log output configuration:
 #0: stdout all=warning uptime,level,tags foldmultilines=false
 #1: stderr all=off uptime,level,tags foldmultilines=false

Environment Variables:
JAVA_HOME=C:\Program Files\Eclipse Adoptium\jdk-21
PATH=C:\Program Files\PowerShell\7;C:\Program Files\Common Files\Oracle\Java\javapath;C:\Windows\system32;C:\Windows;C:\Windows\System32\Wbem;C:\Windows\System32\WindowsPowerShell\v1.0\;C:\Windows\System32\OpenSSH\;C:\Program Files (x86)\NVIDIA Corporation\PhysX\Common;C:\Program Files\NVIDIA Corporation\NVIDIA NvDLISR;C:\Program Files\swipl\bin;C:\Program Files\Git\cmd;C:\MinGW\bin;C:\aaps\php-8.3.16;C:\WINDOWS\system32;C:\WINDOWS;C:\WINDOWS\System32\Wbem;C:\WINDOWS\System32\WindowsPowerShell\v1.0\;C:\WINDOWS\System32\OpenSSH\;C:\Program Files\Eclipse Adoptium\jdk-21\bin;C:\pwskill.java\springBoot\SmartemailAssistant\node-v22.19.0-win-x64\node-v22.19.0-win-x64;C:\Program Files\nodejs\;C:\Program Files\PowerShell\7\;C:\Program Files\Common Files\Oracle\Java\javapath;C:\Windows\system32;C:\Windows;C:\Windows\System32\Wbem;C:\Windows\System32\WindowsPowerShell\v1.0\;C:\Windows\System32\OpenSSH\;C:\Program Files (x86)\NVIDIA Corporation\PhysX\Common;C:\Program Files\NVIDIA Corporation\NVIDIA NvDLISR;C:\Program Files\swipl\bin;C:\Program Files\Git\cmd;C:\MinGW\bin;C:\aaps\php-8.3.16;C:\WINDOWS\system32;C:\WINDOWS;C:\WINDOWS\System32\Wbem;C:\WINDOWS\System32\WindowsPowerShell\v1.0\;C:\WINDOWS\System32\OpenSSH\;C:\Program Files\PowerShell\7\;C:\Program Files\Eclipse Adoptium\jdk-21\bin;C:\Program Files\nodejs;C:\Users\acer\AppData\Roaming\npm;C:\Users\acer\AppData\Local\Programs\Microsoft VS Code\bin
USERNAME=acer
LANG=en_US.UTF-8
OS=Windows_NT
PROCESSOR_IDENTIFIER=Intel64 Family 6 Model 154 Stepping 3, GenuineIntel
TMP=C:\Users\acer\AppData\Local\Temp
TEMP=C:\Users\acer\AppData\Local\Temp




Periodic native trim disabled

---------------  S Y S T E M  ---------------

OS:
 Windows 11 , 64 bit Build 26100 (10.0.26100.6725)
OS uptime: 4 days 2:05 hours
Hyper-V role detected

CPU: total 12 (initial active 12) (6 cores per cpu, 2 threads per core) family 6 model 154 stepping 3 microcode 0x42a, cx8, cmov, fxsr, ht, mmx, 3dnowpref, sse, sse2, sse3, ssse3, sse4.1, sse4.2, popcnt, lzcnt, tsc, tscinvbit, avx, avx2, aes, erms, clmul, bmi1, bmi2, adx, sha, fma, vzeroupper, clflush, clflushopt, clwb, hv, serialize, rdtscp, rdpid, fsrm, f16c, cet_ibt, cet_ss
Processor Information for processor 0
  Max Mhz: 2000, Current Mhz: 2000, Mhz Limit: 2000
Processor Information for processor 1
  Max Mhz: 2000, Current Mhz: 2000, Mhz Limit: 2000
Processor Information for processor 2
  Max Mhz: 2000, Current Mhz: 2000, Mhz Limit: 2000
Processor Information for processor 3
  Max Mhz: 2000, Current Mhz: 2000, Mhz Limit: 2000
Processor Information for processor 4
  Max Mhz: 2000, Current Mhz: 2000, Mhz Limit: 2000
Processor Information for processor 5
  Max Mhz: 2000, Current Mhz: 2000, Mhz Limit: 2000
Processor Information for processor 6
  Max Mhz: 2000, Current Mhz: 2000, Mhz Limit: 2000
Processor Information for processor 7
  Max Mhz: 2000, Current Mhz: 2000, Mhz Limit: 2000
Processor Information for processor 8
  Max Mhz: 2000, Current Mhz: 1500, Mhz Limit: 1500
Processor Information for processor 9
  Max Mhz: 2000, Current Mhz: 1500, Mhz Limit: 1500
Processor Information for processor 10
  Max Mhz: 2000, Current Mhz: 1500, Mhz Limit: 1500
Processor Information for processor 11
  Max Mhz: 2000, Current Mhz: 1500, Mhz Limit: 1500

Memory: 4k page, system-wide physical 16088M (4468M free)
TotalPageFile size 23768M (AvailPageFile size 6457M)
current process WorkingSet (physical memory assigned to process): 191M, peak: 191M
current process commit charge ("private bytes"): 237M, peak: 407M

vm_info: Java HotSpot(TM) 64-Bit Server VM (21.0.2+13-LTS-58) for windows-amd64 JRE (21.0.2+13-LTS-58), built on 2024-01-05T18:32:24Z by "mach5one" with MS VC++ 17.1 (VS2022)

END.
